Found 13 candidates:
  const BestCompression 
  const BestSpeed 
  const DefaultCompression 
  const NoCompression 
  func NewReader(r io.Reader) (io.ReadCloser, error)
  func NewReaderDict(r io.Reader, dict []byte) (io.ReadCloser, error)
  func NewWriter(w io.Writer) (*zlib.Writer, error)
  func NewWriterDict(w io.Writer, level int, dict []byte) (*zlib.Writer, error)
  func NewWriterLevel(w io.Writer, level int) (*zlib.Writer, error)
  type Writer struct
  var ChecksumError error
  var DictionaryError error
  var HeaderError error
